[2026-07-23T13:58:14.624Z] MemoryForge: attached 5 listener(s)
[2026-07-23T13:58:14.624Z] InitialReadForge: armed one-shot BeforeSend after NewSessionStart
[2026-07-23T13:58:14.624Z] LiveUpdateForge: session reset, allowLiveUpdate = false
[2026-07-23T13:58:16.354Z] MemoryForge: attached 5 listener(s)
[2026-07-23T13:58:16.354Z] InitialReadForge: armed one-shot BeforeSend after NewSessionStart
[2026-07-23T13:58:16.354Z] LiveUpdateForge: session reset, allowLiveUpdate = false
[2026-07-23T13:58:30.403Z] MemoryForge: attached 5 listener(s)
[2026-07-23T13:58:30.403Z] InitialReadForge: armed one-shot BeforeSend after NewSessionStart
[2026-07-23T13:58:30.403Z] LiveUpdateForge: session reset, allowLiveUpdate = false
[2026-07-23T13:58:30.403Z] MemoryForge: detached all listeners
[2026-07-23T13:58:30.403Z] ResumeDiffForge: no read_memory in history, backfilling forge
[2026-07-23T13:58:30.421Z] recordForgedToolExchange: toolName=read_memory callId=resume-forge-read-memory-backfill
[2026-07-23T13:58:30.422Z] recordForgedToolExchange: recordMessage + recordToolCalls persisted
[2026-07-23T13:58:30.422Z] injectForgedHistory: role=user preview=""
[2026-07-23T13:58:30.422Z] injectForgedHistory: recordMessage persisted
[2026-07-23T13:58:30.422Z] ResumeDiffForge: backfilled read_memory and baseline for 2 raw + 1 provider file(s)
[2026-07-23T13:58:30.422Z] LiveUpdateForge: session reset, allowLiveUpdate = false
[2026-07-23T13:58:30.422Z] NudgeForge: ResumeComplete — restoring count from history
[2026-07-23T13:58:30.422Z] restoreNudgeCountFromHistory: no reset point found, count=0
[2026-07-23T13:58:30.429Z] LiveUpdateForge: allowLiveUpdate = true (first real BeforeSend)
[2026-07-23T13:58:30.429Z] InitialReadForge.onBeforeSend: SKIP (fr=false syn=false hasRead=true)
[2026-07-23T13:58:34.135Z] LiveUpdateForge: EndTurn fallback flush
[2026-07-23T13:58:34.135Z] onEndTurn: naturalStop=false toolCalls=0 nudgeMsg=no
[2026-07-23T13:58:45.958Z] LiveUpdateForge: AfterToolExec flush
[2026-07-23T13:58:45.960Z] InitialReadForge.onBeforeSend: SKIP (fr=true syn=false hasRead=true)
[2026-07-23T13:58:50.034Z] LiveUpdateForge: EndTurn fallback flush
[2026-07-23T13:58:50.034Z] onEndTurn: naturalStop=false toolCalls=1 nudgeMsg=no
[2026-07-23T13:58:51.349Z] LiveUpdateForge: AfterToolExec flush
[2026-07-23T13:58:53.035Z] LiveUpdateForge: AfterToolExec flush
[2026-07-23T13:58:53.042Z] InitialReadForge.onBeforeSend: SKIP (fr=true syn=false hasRead=true)
[2026-07-23T13:58:55.311Z] LiveUpdateForge: EndTurn fallback flush
[2026-07-23T13:58:55.311Z] onEndTurn: naturalStop=false toolCalls=3 nudgeMsg=no
[2026-07-23T13:59:15.849Z] LiveUpdateForge: AfterToolExec flush
[2026-07-23T13:59:15.851Z] InitialReadForge.onBeforeSend: SKIP (fr=true syn=false hasRead=true)
[2026-07-23T13:59:18.166Z] LiveUpdateForge: EndTurn fallback flush
[2026-07-23T13:59:18.166Z] onEndTurn: naturalStop=false toolCalls=4 nudgeMsg=no
[2026-07-23T13:59:34.977Z] LiveUpdateForge: AfterToolExec flush
[2026-07-23T13:59:34.980Z] InitialReadForge.onBeforeSend: SKIP (fr=true syn=false hasRead=true)
[2026-07-23T13:59:36.919Z] LiveUpdateForge: EndTurn fallback flush
[2026-07-23T13:59:36.919Z] onEndTurn: naturalStop=false toolCalls=5 nudgeMsg=no
[2026-07-23T13:59:36.943Z] LiveUpdateForge: AfterToolExec flush
[2026-07-23T13:59:36.945Z] InitialReadForge.onBeforeSend: SKIP (fr=true syn=false hasRead=true)
[2026-07-23T13:59:39.912Z] LiveUpdateForge: EndTurn fallback flush
[2026-07-23T13:59:39.913Z] onEndTurn: naturalStop=true toolCalls=6 nudgeMsg=no
