[2026-07-27T10:41:33.436Z] MemoryForge: attached 5 listener(s)
[2026-07-27T10:41:33.436Z] InitialReadForge: armed one-shot BeforeSend after NewSessionStart
[2026-07-27T10:41:33.436Z] LiveUpdateForge: session reset, allowLiveUpdate = false
[2026-07-27T10:41:34.724Z] MemoryForge: attached 5 listener(s)
[2026-07-27T10:41:34.725Z] InitialReadForge: armed one-shot BeforeSend after NewSessionStart
[2026-07-27T10:41:34.725Z] LiveUpdateForge: session reset, allowLiveUpdate = false
[2026-07-27T15:41:51.046Z] MemoryForge: attached 5 listener(s)
[2026-07-27T15:41:51.046Z] InitialReadForge: armed one-shot BeforeSend after NewSessionStart
[2026-07-27T15:41:51.046Z] LiveUpdateForge: session reset, allowLiveUpdate = false
[2026-07-27T15:41:59.923Z] MemoryForge: attached 5 listener(s)
[2026-07-27T15:41:59.924Z] InitialReadForge: armed one-shot BeforeSend after NewSessionStart
[2026-07-27T15:41:59.924Z] LiveUpdateForge: session reset, allowLiveUpdate = false
[2026-07-27T15:41:59.924Z] MemoryForge: detached all listeners
[2026-07-27T15:41:59.924Z] ResumeDiffForge: no read_memory in history, backfilling forge
[2026-07-27T15:41:59.940Z] recordForgedToolExchange: toolName=read_memory callId=resume-forge-read-memory-backfill
[2026-07-27T15:41:59.941Z] recordForgedToolExchange: recordMessage + recordToolCalls persisted
[2026-07-27T15:41:59.941Z] injectForgedHistory: role=user preview=""
[2026-07-27T15:41:59.942Z] injectForgedHistory: recordMessage persisted
[2026-07-27T15:41:59.942Z] ResumeDiffForge: backfilled read_memory and baseline for 2 raw + 1 provider file(s)
[2026-07-27T15:41:59.942Z] LiveUpdateForge: session reset, allowLiveUpdate = false
[2026-07-27T15:41:59.942Z] NudgeForge: ResumeComplete — restoring count from history
[2026-07-27T15:41:59.942Z] restoreNudgeCountFromHistory: no reset point found, count=0
[2026-07-27T15:41:59.949Z] LiveUpdateForge: allowLiveUpdate = true (first real BeforeSend)
[2026-07-27T15:41:59.949Z] InitialReadForge.onBeforeSend: SKIP (fr=false syn=false hasRead=true)
[2026-07-27T15:42:03.805Z] LiveUpdateForge: EndTurn fallback flush
[2026-07-27T15:42:03.805Z] onEndTurn: naturalStop=false toolCalls=0 nudgeMsg=no
[2026-07-27T15:42:06.610Z] LiveUpdateForge: AfterToolExec flush
[2026-07-27T15:42:06.612Z] InitialReadForge.onBeforeSend: SKIP (fr=true syn=false hasRead=true)
[2026-07-27T15:42:09.591Z] LiveUpdateForge: EndTurn fallback flush
[2026-07-27T15:42:09.591Z] onEndTurn: naturalStop=false toolCalls=1 nudgeMsg=no
[2026-07-27T15:42:14.068Z] LiveUpdateForge: AfterToolExec flush
[2026-07-27T15:42:14.070Z] InitialReadForge.onBeforeSend: SKIP (fr=true syn=false hasRead=true)
[2026-07-27T15:42:16.548Z] LiveUpdateForge: EndTurn fallback flush
[2026-07-27T15:42:16.548Z] onEndTurn: naturalStop=false toolCalls=2 nudgeMsg=no
[2026-07-27T15:42:16.563Z] LiveUpdateForge: AfterToolExec flush
[2026-07-27T15:42:19.187Z] LiveUpdateForge: AfterToolExec flush
[2026-07-27T15:42:19.189Z] InitialReadForge.onBeforeSend: SKIP (fr=true syn=false hasRead=true)
[2026-07-27T15:42:22.768Z] LiveUpdateForge: EndTurn fallback flush
[2026-07-27T15:42:22.768Z] onEndTurn: naturalStop=false toolCalls=4 nudgeMsg=no
[2026-07-27T15:42:26.277Z] LiveUpdateForge: AfterToolExec flush
[2026-07-27T15:42:26.280Z] InitialReadForge.onBeforeSend: SKIP (fr=true syn=false hasRead=true)
[2026-07-27T15:42:29.107Z] LiveUpdateForge: EndTurn fallback flush
[2026-07-27T15:42:29.107Z] onEndTurn: naturalStop=false toolCalls=5 nudgeMsg=no
[2026-07-27T15:42:33.399Z] LiveUpdateForge: AfterToolExec flush
[2026-07-27T15:42:33.403Z] InitialReadForge.onBeforeSend: SKIP (fr=true syn=false hasRead=true)
[2026-07-27T15:42:49.877Z] LiveUpdateForge: EndTurn fallback flush
[2026-07-27T15:42:49.877Z] onEndTurn: naturalStop=true toolCalls=6 nudgeMsg=no
[2026-07-27T15:43:17.811Z] ResumeDiffForge: running checkResumeConsistency
[2026-07-27T15:43:17.811Z] checkResumeConsistency: forgedTimestamps=[]
[2026-07-27T15:43:17.812Z] checkResumeConsistency: no changes detected
[2026-07-27T15:43:17.812Z] LiveUpdateForge: session reset, allowLiveUpdate = false
[2026-07-27T15:43:17.812Z] NudgeForge: ResumeComplete — restoring count from history
[2026-07-27T15:43:17.812Z] restoreNudgeCountFromHistory: no reset point found, count=6
[2026-07-27T15:43:17.818Z] LiveUpdateForge: allowLiveUpdate = true (first real BeforeSend)
[2026-07-27T15:43:17.818Z] InitialReadForge.onBeforeSend: SKIP (fr=false syn=false hasRead=true)
[2026-07-27T15:43:19.802Z] LiveUpdateForge: EndTurn fallback flush
[2026-07-27T15:43:19.802Z] onEndTurn: naturalStop=false toolCalls=6 nudgeMsg=no
[2026-07-27T15:43:22.214Z] LiveUpdateForge: AfterToolExec flush
[2026-07-27T15:43:24.994Z] LiveUpdateForge: AfterToolExec flush
[2026-07-27T15:43:24.996Z] InitialReadForge.onBeforeSend: SKIP (fr=true syn=false hasRead=true)
[2026-07-27T15:43:30.919Z] LiveUpdateForge: EndTurn fallback flush
[2026-07-27T15:43:30.919Z] onEndTurn: naturalStop=true toolCalls=8 nudgeMsg=no
[2026-07-27T15:45:20.479Z] MemoryForge: attached 5 listener(s)
[2026-07-27T15:45:20.479Z] InitialReadForge: armed one-shot BeforeSend after NewSessionStart
[2026-07-27T15:45:20.479Z] LiveUpdateForge: session reset, allowLiveUpdate = false
[2026-07-27T15:45:58.410Z] MemoryForge: attached 5 listener(s)
[2026-07-27T15:45:58.410Z] InitialReadForge: armed one-shot BeforeSend after NewSessionStart
[2026-07-27T15:45:58.410Z] LiveUpdateForge: session reset, allowLiveUpdate = false
[2026-07-27T15:45:58.411Z] MemoryForge: detached all listeners
[2026-07-27T15:45:58.411Z] ResumeDiffForge: no read_memory in history, backfilling forge
[2026-07-27T15:45:58.430Z] recordForgedToolExchange: toolName=read_memory callId=resume-forge-read-memory-backfill
[2026-07-27T15:45:58.431Z] recordForgedToolExchange: recordMessage + recordToolCalls persisted
[2026-07-27T15:45:58.431Z] injectForgedHistory: role=user preview=""
[2026-07-27T15:45:58.432Z] injectForgedHistory: recordMessage persisted
[2026-07-27T15:45:58.432Z] ResumeDiffForge: backfilled read_memory and baseline for 2 raw + 1 provider file(s)
[2026-07-27T15:45:58.432Z] LiveUpdateForge: session reset, allowLiveUpdate = false
[2026-07-27T15:45:58.432Z] NudgeForge: ResumeComplete — restoring count from history
[2026-07-27T15:45:58.432Z] restoreNudgeCountFromHistory: no reset point found, count=0
[2026-07-27T15:45:58.439Z] LiveUpdateForge: allowLiveUpdate = true (first real BeforeSend)
[2026-07-27T15:45:58.439Z] InitialReadForge.onBeforeSend: SKIP (fr=false syn=false hasRead=true)
[2026-07-27T15:46:11.003Z] LiveUpdateForge: EndTurn fallback flush
[2026-07-27T15:46:11.003Z] onEndTurn: naturalStop=false toolCalls=0 nudgeMsg=no
[2026-07-27T15:50:39.789Z] LiveUpdateForge: AfterToolExec flush
